// Jest Snapshot v1, https://goo.gl/fbAQLP

exports[`DeletePost should render 1`] = `
<DocumentFragment>
  <button
    class="btn-create-post"
    data-testid="test-delete-btn"
  >
    Delete
  </button>
</DocumentFragment>
`;
