// Jest Snapshot v1, https://goo.gl/fbAQLP

exports[`favouritePost should render 1`] = `
<DocumentFragment>
  <div
    class="btn-favourite"
  />
</DocumentFragment>
`;
